[Licensing::Module] Trying to connect to existing licensing client channel...
Built from '6000.5/staging' branch; Version is '6000.5.4f1 (d550df8bd089) revision 13979871'; Using compiler version '194234433'; Build Type 'Release'
OS: 'Windows 11  (10.0.26200) Professional' Language: 'ru' Physical Memory: 16108 MB
[Licensing::IpcConnector] Successfully connected to: "LicenseClient-vany" at "2026-09-05T11:02:20.1162832Z"
BatchMode: 1, IsHumanControllingUs: 0, StartBugReporterOnCrash: 0, Is64bit: 1
System  architecture: x64
Process architecture: x64
Date: 2026-09-05T11:02:20Z

COMMAND LINE ARGUMENTS:
D:\UNITY\Installs\6000.5.4f1\Editor\Unity.exe
-adb2
-batchMode
-noUpm
-name
AssetImportWorkerHW8
-projectPath
D:/UNITY/MyProjects/racing-sim-low-poly/RacingSim
-logFile
Logs/AssetImportWorkerHW8.log
-srvPort
25971
-parentPid
16988
-analyticsCloudUserId
10171394731915
-analyticsLocalProjectId
761e7e679cf607248b93b98558fc3d2b
-licensingIpc
LicenseClient-vany
-noDiagnosticSwitchPersistentStore
-job-worker-count
5
-background-job-worker-count
8
-asset-garbage-collectors
1
-force-d3d12
-name
AssetImport
Successfully changed project path to: D:/UNITY/MyProjects/racing-sim-low-poly/RacingSim
D:/UNITY/MyProjects/racing-sim-low-poly/RacingSim
[UnityMemory] Configuration Parameters - Can be set up in boot.config
    "memorysetup-temp-allocator-size-gi-baking-worker=262144"
    "memorysetup-temp-allocator-size-gi-baking-worker=262144"
    "memorysetup-temp-allocator-size-gi-baking-worker=262144"
    "memorysetup-temp-allocator-size-gi-baking-worker=262144"
    "memorysetup-temp-allocator-size-gi-baking-worker=262144"
    "memorysetup-temp-allocator-size-nav-mesh-worker=65536"
    "memorysetup-temp-allocator-size-audio-worker=65536"
    "memorysetup-temp-allocator-size-cloud-worker=32768"
    "memorysetup-temp-allocator-size-gfx=262144"
    "memorysetup-temp-allocator-size-preload-manager=33554432"
    "memorysetup-allocator-temp-initial-block-size-main=262144"
    "memorysetup-allocator-temp-initial-block-size-worker=262144"
    "memorysetup-temp-allocator-size-job-worker=262144"
    "memorysetup-temp-allocator-size-background-worker=32768"
    "memorysetup-bucket-allocator-granularity=16"
    "memorysetup-bucket-allocator-bucket-count=8"
    "memorysetup-bucket-allocator-block-size=33554432"
    "memorysetup-bucket-allocator-block-count=8"
    "memorysetup-main-allocator-block-size=16777216"
    "memorysetup-thread-allocator-block-size=16777216"
    "memorysetup-main-allocator-mimalloc-enabled=0"
    "memorysetup-gfx-main-allocator-block-size=16777216"
    "memorysetup-gfx-thread-allocator-block-size=16777216"
    "memorysetup-cache-allocator-block-size=4194304"
    "memorysetup-typetree-allocator-block-size=2097152"
    "memorysetup-profiler-bucket-allocator-granularity=16"
    "memorysetup-profiler-bucket-allocator-bucket-count=8"
    "memorysetup-profiler-bucket-allocator-block-size=33554432"
    "memorysetup-profiler-bucket-allocator-block-count=8"
    "memorysetup-profiler-allocator-block-size=16777216"
    "memorysetup-profiler-editor-allocator-block-size=1048576"
    "memorysetup-temp-allocator-size-main=16777216"
    "memorysetup-job-temp-allocator-block-size=2097152"
    "memorysetup-job-temp-allocator-block-size-background=1048576"
    "memorysetup-job-temp-allocator-reduction-small-platforms=262144"
Player connection [10940]  Target information:

Player connection [10940]  * "[IP] 172.22.131.175 [Port] 0 [Flags] 2 [Guid] 1598271525 [EditorId] 1598271525 [Version] 1048832 [Id] WindowsEditor(7,DESKTOP-IE2K1EE) [Debug] 1 [PackageName] WindowsEditor [ProjectName] Editor" 

Player connection [10940] Host joined multi-casting on [225.0.0.222:54997]...
Player connection [10940] Host joined alternative multi-casting on [225.0.0.222:34997]...
JobSystem: Creating JobQueue using job-worker-count value 5
Input System module state changed to: Initialized.
[Physics::Module] Initialized fallback backend.
[Physics::Module] Id: 0xdecafbad
Library Redirect Path: Library/
[Physics::Module] Selected backend.
[Physics::Module] Name: PhysX
[Physics::Module] Id: 0xf2b8ea05
[Physics::Module] SDK Version: 4.1.2
[Physics::Module] Integration Version: 1.0.0
[Physics::Module] Threading Mode: Multi-Threaded
[Licensing::Module] Licensing is not yet initialized.
[Licensing::Client] Error: HandshakeResponse reported an error:
	ResponseCode: 505
	ResponseStatus: Unsupported protocol version '1.18.1'.
[Licensing::Module] Error: Failed to handshake to channel: "LicenseClient-vany"
[Licensing::IpcConnector] LicenseClient-vany channel disconnected successfully.
[Licensing::IpcConnector] Successfully connected to: "LicenseClient-vany-6000.5.4" at "2026-09-05T11:02:36.2106901Z"
[Licensing::Client] Code 10 while verifying Licensing Client signature (process Id: 14584, path: "D:/UNITY/Installs/6000.5.4f1/Editor/Data/Resources/Licensing/Client/Unity.Licensing.Client.exe")
[Licensing::Module] LicensingClient has failed validation; ignoring
[Licensing::Client] Handshaking with LicensingClient:
  Version:                 1.18.1+9fbee8e
  Session Id:              8491bf3b5c6040b7a699b95533ed7867
  Correlation Id:          ebd87833a23bda9af7e23f8ca2d36e23
  External correlation Id: 5863830083251915171
  Machine Id:              +LmYPC+2oN3U6DFsdUHdOP1mlqY=
[Licensing::Module] Successfully connected to LicensingClient on channel: "LicenseClient-vany-6000.5.4" (connect: 0.00s, validation: 0.00s, handshake: 0.01s)
[Licensing::IpcConnector] Successfully connected to: "LicenseClient-vany-6000.5.4-notifications" at "2026-09-05T11:02:36.2181813Z"
[Licensing::Module] Licensing Background thread has ended after 16.10s
[Licensing::Module] Licensing is initialized (took 15.74s).
[Licensing::Client] Successfully resolved entitlement details
[Licensing::Module] License group:
  Id: 10171394731915-UnityPersXXXX
  Product: Unity Personal
  Type: Assigned
  Expiration: Unlimited
Refreshing native plugins compatible for Editor in 10.14 ms, found 4 plugins.
Initialize engine version: 6000.5.4f1 (d550df8bd089)
[Subsystems] Discovering subsystems at path D:/UNITY/Installs/6000.5.4f1/Editor/Data/Resources/UnitySubsystems
[Subsystems] Discovering subsystems at path D:/UNITY/MyProjects/racing-sim-low-poly/RacingSim/Assets
Forcing GfxDevice: Direct3D 12
GfxDevice: creating device client; kGfxThreadingModeNonThreaded
d3d12: failed to query info queue interface (0x80004002).
Direct3D:
    Version:         Direct3D 12 [level 12.1]
    Renderer:        Intel(R) UHD Graphics (ID=0xa7a8)
    Vendor:          Intel
    VRAM:            8054 MB
    App VRAM Budget: 7395 MB
    Driver:          31.0.101.4146
    Unified Memory Architecture
    Cache Coherent UMA
Initialize mono
Mono path[0] = 'D:/UNITY/Installs/6000.5.4f1/Editor/Data/Managed'
Mono path[1] = 'D:/UNITY/Installs/6000.5.4f1/Editor/Data/BCLExtensions/runtime/netstandard2.1'
Mono path[2] = 'D:/UNITY/Installs/6000.5.4f1/Editor/Data/MonoBleedingEdge/lib/mono/unityjit-win32'
Mono config path = 'D:/UNITY/Installs/6000.5.4f1/Editor/Data/MonoBleedingEdge/etc'
Using monoOptions --debugger-agent=transport=dt_socket,embedding=1,server=y,suspend=n,address=127.0.0.1:56956
CodeReloadManager initialized
Begin MonoManager ReloadAssembly
Registering precompiled unity dll's ...
Register platform support module: D:/UNITY/Installs/6000.5.4f1/Editor/Data/PlaybackEngines/WindowsStandaloneSupport/UnityEditor.WindowsStandalone.Extensions.dll
[Licensing::Client] Successfully resolved entitlement details
Register platform support module: D:/UNITY/Installs/6000.5.4f1/Editor/Data/PlaybackEngines/MetroSupport/UnityEditor.UWP.Extensions.dll
Register platform support module: D:/UNITY/Installs/6000.5.4f1/Editor/Data/PlaybackEngines/AndroidPlayer/UnityEditor.Android.Extensions.dll
Registered in 0.006521 seconds.
Native extension for Android target not found
Native extension for UWP target not found
Native extension for WindowsStandalone target not found
Package Manager log level set to [2]
[Package Manager] Failed to launch server process. Reason: Unity was launched with the -noUpm command-line argument
[Package Manager] Unable to send message (not connected to server process).
[Package Manager] Cannot connect to Unity Package Manager local server
ScheduleIndexationOnStartup MainProcess:False IndexOnStartup:True
Mono: successfully reloaded assembly
- Finished resetting the current domain, in  0.369 seconds
Domain Reload Profiling: 840ms
	BeginReloadAssembly (101ms)
	RebuildCommonClasses (4ms)
	RebuildNativeTypeToScriptingClass (13ms)
	initialDomainReloadingComplete (55ms)
	LoadAllAssembliesAndSetupDomain (296ms)
		LoadAssemblies (102ms)
		AnalyzeDomain (211ms)
			TypeCache.Refresh (210ms)
				TypeCache.ScanAssembly (195ms)
	FinalizeReload (371ms)
		SetupLoadedEditorAssemblies (0ms)
			InitializePlatformSupportModulesInManaged (8ms)
			BeforeProcessingInitializeOnLoad (78ms)
			ProcessInitializeOnLoadAttributes (82ms)
			ProcessInitializeOnLoadMethodAttributes (120ms)
Initializing Unity extensions:
[Licensing::Client] Successfully resolved entitlement details
========================================================================
Worker process is ready to serve import requests
Import Worker Mode flag is 0x00
Begin MonoManager ReloadAssembly
Native extension for Android target not found
Native extension for UWP target not found
Native extension for WindowsStandalone target not found
[Package Manager] Failed to launch server process. Reason: Unity was launched with the -noUpm command-line argument
[Package Manager] Unable to send message (not connected to server process).
[Package Manager] Cannot connect to Unity Package Manager local server
[Package Manager] Failed to launch server process. Reason: Unity was launched with the -noUpm command-line argument
[Package Manager] Unable to send message (not connected to server process).
[Package Manager] Cannot connect to Unity Package Manager local server
ScheduleIndexationOnStartup MainProcess:False IndexOnStartup:True
Mono: successfully reloaded assembly
- Finished resetting the current domain, in  0.676 seconds
Domain Reload Profiling: 1429ms
	BeginReloadAssembly (150ms)
		DisableScriptedObjects (4ms)
		CreateAndSetChildDomain (26ms)
	RebuildCommonClasses (7ms)
	RebuildNativeTypeToScriptingClass (13ms)
	initialDomainReloadingComplete (41ms)
	LoadAllAssembliesAndSetupDomain (540ms)
		LoadAssemblies (312ms)
		AnalyzeDomain (222ms)
			TypeCache.Refresh (155ms)
				TypeCache.ScanAssembly (139ms)
			BuildScriptInfoCaches (59ms)
			ResolveRequiredComponents (6ms)
	FinalizeReload (677ms)
		SetupLoadedEditorAssemblies (0ms)
			InitializePlatformSupportModulesInManaged (6ms)
			BeforeProcessingInitializeOnLoad (90ms)
			ProcessInitializeOnLoadAttributes (275ms)
			ProcessInitializeOnLoadMethodAttributes (101ms)
AcceleratorClientConnectionCallback - disconnected - :0
Launched and connected shader compiler UnityShaderCompiler.exe after 0.02 seconds
Unloading 22 Unused Serialized files (Serialized files now loaded: 0)
Curl error 3: URL rejected: Malformed input to a URL function
Unloading 6581 unused Assets / (6.3 MB). Loaded Objects now: 7425.
Memory consumption went from 320.9 MB to 314.6 MB.
Total: 9.138500 ms (FindLiveObjects: 0.592900 ms CreateObjectMapping: 2.329400 ms MarkObjects: 3.970600 ms  DeleteObjects: 2.241700 ms)

========================================================================
Received Import Request.
  Time of request: 2026-09-05T11:03:06.3125644Z
  Time since last request: 250513.12188039999455 seconds.
  importAddress: GUID: 7cd50ff664f941e4ab191d35f6582e9d - Path: Assets/ARCADE - FREE Racing Car/Materials - Importer: PreviewImporter
Importing 'GUID: 7cd50ff664f941e4ab191d35f6582e9d - Path: Assets/ARCADE - FREE Racing Car/Materials - Importer: PreviewImporter' with importer (PreviewImporter)
Imported 'GUID: 7cd50ff664f941e4ab191d35f6582e9d' -> (Import Result ID: 'ff54448a3c17fee0b848a0fc071ae655') in 0.005 seconds [static and dynamic dependencies]. Details - ImportResultOutputID=87e8b2c2e365dc7d9f7debb5280dc8ec DependenciesID=b7413afdb5b3d737316f351c83814c5e StaticDependenciesID=d54ab5bfe5938c24d2b1899beab06d7f 
Number of updated asset objects reloaded before import = 0
Number of asset objects unloaded after import = 0
========================================================================
Received Import Request.
  Time of request: 2026-09-05T11:03:07.4364461Z
  Time since last request: 1.1066764 seconds.
  importAddress: GUID: ab035d7682921704a9015ac353311d57 - Path: Assets/ARCADE - FREE Racing Car/Materials/AFRC_Emission.mat - Importer: PreviewImporter
Importing 'GUID: ab035d7682921704a9015ac353311d57 - Path: Assets/ARCADE - FREE Racing Car/Materials/AFRC_Emission.mat - Importer: PreviewImporter' with importer (PreviewImporter)
Imported 'GUID: ab035d7682921704a9015ac353311d57' -> (Import Result ID: 'd7a76db29a16a68cf40a3892c38f1c4e') in 0.639 seconds [static and dynamic dependencies]. Details - ImportResultOutputID=d742c3f38063098f6f500be23529a22b DependenciesID=be654d0d05d5dd91bc26d60ce6062dc5 StaticDependenciesID=46667fb6d7b58c6841b52ceeaac3b80c 
Number of updated asset objects reloaded before import = 0
Number of asset objects unloaded after import = 4
========================================================================
Received Import Request.
  Time of request: 2026-09-05T11:03:09.0336799Z
  Time since last request: 0.9470711 seconds.
  importAddress: GUID: 8abab931da3a1cd48bf2967746adf82e - Path: Assets/ARCADE - FREE Racing Car/Materials/Color Variations - Importer: PreviewImporter
Importing 'GUID: 8abab931da3a1cd48bf2967746adf82e - Path: Assets/ARCADE - FREE Racing Car/Materials/Color Variations - Importer: PreviewImporter' with importer (PreviewImporter)
Imported 'GUID: 8abab931da3a1cd48bf2967746adf82e' -> (Import Result ID: '67e2ee2b4cdbf5a210e10b1c2870f27d') in 0.001 seconds [static and dynamic dependencies]. Details - ImportResultOutputID=8f5f6a2d7d93f455d256d193523d74b0 DependenciesID=cc0cbc5749344034349fe228aff692b3 StaticDependenciesID=7bdf21e87b210bb632549fec0b837823 
Number of updated asset objects reloaded before import = 0
Number of asset objects unloaded after import = 0
========================================================================
Received Import Request.
  Time of request: 2026-09-05T11:03:09.1066142Z
  Time since last request: 0.0626313 seconds.
  importAddress: GUID: 07f44fe3e9c462146a7769b976c50ec4 - Path: Assets/ARCADE - FREE Racing Car/Materials/Color Variations/AFRC_Mat_Col1.mat - Importer: PreviewImporter
Importing 'GUID: 07f44fe3e9c462146a7769b976c50ec4 - Path: Assets/ARCADE - FREE Racing Car/Materials/Color Variations/AFRC_Mat_Col1.mat - Importer: PreviewImporter' with importer (PreviewImporter)
Imported 'GUID: 07f44fe3e9c462146a7769b976c50ec4' -> (Import Result ID: '3af2f0117e267761bc4b4c942d2ee2c2') in 0.322 seconds [static and dynamic dependencies]. Details - ImportResultOutputID=2e4529016f8841f4111350fe1de197f6 DependenciesID=317fdb661b58dcb71a20d54b9dc08df3 StaticDependenciesID=5d53a0758360698650d44a8df843eec4 
Number of updated asset objects reloaded before import = 0
Number of asset objects unloaded after import = 2
========================================================================
Received Import Request.
  Time of request: 2026-09-05T11:03:09.4379178Z
  Time since last request: 0.0008193 seconds.
  importAddress: GUID: 104696f8b5f23d24586d858b68916bdc - Path: Assets/ARCADE - FREE Racing Car/Materials/Color Variations/AFRC_Mat_Col4.mat - Importer: PreviewImporter
Importing 'GUID: 104696f8b5f23d24586d858b68916bdc - Path: Assets/ARCADE - FREE Racing Car/Materials/Color Variations/AFRC_Mat_Col4.mat - Importer: PreviewImporter' with importer (PreviewImporter)
Imported 'GUID: 104696f8b5f23d24586d858b68916bdc' -> (Import Result ID: 'ad211ce50167b37122d26ebcd0d80654') in 0.023 seconds [static and dynamic dependencies]. Details - ImportResultOutputID=9f3e475a76043e5e5c7fafe6e0afc17d DependenciesID=d180791bef4a34b0ca5c92c2ca73fb1c StaticDependenciesID=3737e3d5b1b1f5b9550824c72ecc89b4 
Number of updated asset objects reloaded before import = 0
Number of asset objects unloaded after import = 2
========================================================================
Received Import Request.
  Time of request: 2026-09-05T11:03:15.6896793Z
  Time since last request: 6.2169878 seconds.
  importAddress: GUID: e10f940138722c7499edca3d3e5bc277 - Path: Assets/ARCADE - FREE Racing Car/Textures - Importer: PreviewImporter
Importing 'GUID: e10f940138722c7499edca3d3e5bc277 - Path: Assets/ARCADE - FREE Racing Car/Textures - Importer: PreviewImporter' with importer (PreviewImporter)
Imported 'GUID: e10f940138722c7499edca3d3e5bc277' -> (Import Result ID: 'e3d965a3bd22064129195bdee2690e84') in 0.001 seconds [static and dynamic dependencies]. Details - ImportResultOutputID=ccba93209e71132d14d342e5030e23f4 DependenciesID=3926f0ed7bd0bfb631120bc430cd4d78 StaticDependenciesID=13f210f5e0fb4d5a5ed698e6dc10effe 
Number of updated asset objects reloaded before import = 0
Number of asset objects unloaded after import = 0
========================================================================
Received Import Request.
  Time of request: 2026-09-05T11:03:16.8976737Z
  Time since last request: 1.1976938 seconds.
  importAddress: GUID: a3307e9a86ab5b14d9c517673a21495e - Path: Assets/ARCADE - FREE Racing Car/Textures/Color Variations - Importer: PreviewImporter
Importing 'GUID: a3307e9a86ab5b14d9c517673a21495e - Path: Assets/ARCADE - FREE Racing Car/Textures/Color Variations - Importer: PreviewImporter' with importer (PreviewImporter)
Imported 'GUID: a3307e9a86ab5b14d9c517673a21495e' -> (Import Result ID: '03076cae4797ae51589987766e7e4de6') in 0.000 seconds [static and dynamic dependencies]. Details - ImportResultOutputID=e9a8ebef6282bc65ccadaeb1dad098ad DependenciesID=b0b9a7aff82ad948be5a27862bf4f119 StaticDependenciesID=cef82e2a1c9b5c88e56b755ad70089c1 
Number of updated asset objects reloaded before import = 0
Number of asset objects unloaded after import = 0
========================================================================
Received Import Request.
  Time of request: 2026-09-05T11:03:17.968948Z
  Time since last request: 1.0616265 seconds.
  importAddress: GUID: 5a66645150996bd40939ed8665b9a272 - Path: Assets/ARCADE - FREE Racing Car/Textures/Color Variations/Materials - Importer: PreviewImporter
Importing 'GUID: 5a66645150996bd40939ed8665b9a272 - Path: Assets/ARCADE - FREE Racing Car/Textures/Color Variations/Materials - Importer: PreviewImporter' with importer (PreviewImporter)
Imported 'GUID: 5a66645150996bd40939ed8665b9a272' -> (Import Result ID: '096a5e542c6b0ec30ba5a00506e322e5') in 0.001 seconds [static and dynamic dependencies]. Details - ImportResultOutputID=48a919b3ef4877d8c54635feaac64023 DependenciesID=9ea6673cadf07cf09006eebbaaa8fdac StaticDependenciesID=f7724ee83e6de2e1d34af932e56fe496 
Number of updated asset objects reloaded before import = 0
Number of asset objects unloaded after import = 0
========================================================================
Received Import Request.
  Time of request: 2026-09-05T11:03:18.0504829Z
  Time since last request: 0.0709586 seconds.
  importAddress: GUID: 7d3867bf3c32ce34cbf01c7d8814e768 - Path: Assets/ARCADE - FREE Racing Car/Textures/Color Variations/Materials/AFRC_Tex_Col1.mat - Importer: PreviewImporter
Importing 'GUID: 7d3867bf3c32ce34cbf01c7d8814e768 - Path: Assets/ARCADE - FREE Racing Car/Textures/Color Variations/Materials/AFRC_Tex_Col1.mat - Importer: PreviewImporter' with importer (PreviewImporter)
Imported 'GUID: 7d3867bf3c32ce34cbf01c7d8814e768' -> (Import Result ID: '594d4fdcda6ecb999d376b028f4c22d8') in 0.026 seconds [static and dynamic dependencies]. Details - ImportResultOutputID=931a55c1037f23069449741b9b2a5a80 DependenciesID=b34188fd7d72f2ccb9fa3e932804871e StaticDependenciesID=5e8fbed320afec4fc63574e883814adb 
Number of updated asset objects reloaded before import = 0
Number of asset objects unloaded after import = 3
========================================================================
Received Prepare
AcceleratorClientConnectionCallback - disconnected - :0
Unloading 22 Unused Serialized files (Serialized files now loaded: 0)
Unloading 22 unused Assets / (2.6 MB). Loaded Objects now: 7570.
Memory consumption went from 325.0 MB to 322.4 MB.
Total: 9.408100 ms (FindLiveObjects: 0.430400 ms CreateObjectMapping: 1.220100 ms MarkObjects: 7.422700 ms  DeleteObjects: 0.333200 ms)

Prepare: number of updated asset objects reloaded= 31
EnvironmentDependencyValues requested are different than current active one (requested -> active):
  graphicsApiMask: 2097152 -> 2361344
========================================================================
Received Prepare
AcceleratorClientConnectionCallback - disconnected - :0
Unloading 22 Unused Serialized files (Serialized files now loaded: 0)
Unloading 22 unused Assets / (2.6 MB). Loaded Objects now: 7570.
Memory consumption went from 326.1 MB to 323.5 MB.
Total: 6.578100 ms (FindLiveObjects: 0.352100 ms CreateObjectMapping: 1.005500 ms MarkObjects: 4.882000 ms  DeleteObjects: 0.336800 ms)

Prepare: number of updated asset objects reloaded= 31
EnvironmentDependencyValues requested are different than current active one (requested -> active):
  graphicsApiMask: 2099200 -> 2361344
========================================================================
Received Prepare
AcceleratorClientConnectionCallback - disconnected - :0
[Licensing::Client] Successfully resolved entitlement details
[Licensing::Client] Successfully resolved entitlement details
Begin MonoManager ReloadAssembly
Native extension for Android target not found
Native extension for UWP target not found
Native extension for WindowsStandalone target not found
[Package Manager] Failed to launch server process. Reason: Unity was launched with the -noUpm command-line argument
[Package Manager] Unable to send message (not connected to server process).
[Package Manager] Cannot connect to Unity Package Manager local server
[Package Manager] Failed to launch server process. Reason: Unity was launched with the -noUpm command-line argument
[Package Manager] Unable to send message (not connected to server process).
[Package Manager] Cannot connect to Unity Package Manager local server
ScheduleIndexationOnStartup MainProcess:False IndexOnStartup:True
Mono: successfully reloaded assembly
- Finished resetting the current domain, in  0.703 seconds
Domain Reload Profiling: 1275ms
	BeginReloadAssembly (206ms)
		DisableScriptedObjects (14ms)
		CreateAndSetChildDomain (48ms)
	RebuildCommonClasses (8ms)
	RebuildNativeTypeToScriptingClass (13ms)
	initialDomainReloadingComplete (47ms)
	LoadAllAssembliesAndSetupDomain (297ms)
		LoadAssemblies (278ms)
		AnalyzeDomain (17ms)
			TypeCache.Refresh (7ms)
			ResolveRequiredComponents (7ms)
	FinalizeReload (704ms)
		SetupLoadedEditorAssemblies (0ms)
			InitializePlatformSupportModulesInManaged (8ms)
			BeforeProcessingInitializeOnLoad (75ms)
			ProcessInitializeOnLoadAttributes (233ms)
			ProcessInitializeOnLoadMethodAttributes (109ms)
		AwakeInstancesAfterBackupRestoration (12ms)
Unloading 22 Unused Serialized files (Serialized files now loaded: 0)
Unloading 6579 unused Assets / (6.6 MB). Loaded Objects now: 7534.
Memory consumption went from 331.5 MB to 324.9 MB.
Total: 9.527600 ms (FindLiveObjects: 0.590000 ms CreateObjectMapping: 2.574600 ms MarkObjects: 3.984700 ms  DeleteObjects: 2.377200 ms)

Prepare: number of updated asset objects reloaded= 0
EnvironmentDependencyValues requested are different than current active one (requested -> active):
  graphicsApiMask: 2099200 -> 2361344
========================================================================
Received Prepare
AcceleratorClientConnectionCallback - disconnected - :0
Begin MonoManager ReloadAssembly
Native extension for Android target not found
Native extension for UWP target not found
Native extension for WindowsStandalone target not found
[Package Manager] Failed to launch server process. Reason: Unity was launched with the -noUpm command-line argument
[Package Manager] Unable to send message (not connected to server process).
[Package Manager] Cannot connect to Unity Package Manager local server
[Package Manager] Failed to launch server process. Reason: Unity was launched with the -noUpm command-line argument
[Package Manager] Unable to send message (not connected to server process).
[Package Manager] Cannot connect to Unity Package Manager local server
ScheduleIndexationOnStartup MainProcess:False IndexOnStartup:True
Mono: successfully reloaded assembly
- Finished resetting the current domain, in  0.731 seconds
Domain Reload Profiling: 1281ms
	BeginReloadAssembly (196ms)
		DisableScriptedObjects (7ms)
		CreateAndSetChildDomain (45ms)
	RebuildCommonClasses (7ms)
	RebuildNativeTypeToScriptingClass (13ms)
	initialDomainReloadingComplete (44ms)
	LoadAllAssembliesAndSetupDomain (290ms)
		LoadAssemblies (259ms)
		AnalyzeDomain (17ms)
			TypeCache.Refresh (7ms)
			ResolveRequiredComponents (7ms)
	FinalizeReload (732ms)
		SetupLoadedEditorAssemblies (0ms)
			InitializePlatformSupportModulesInManaged (7ms)
			BeforeProcessingInitializeOnLoad (81ms)
			ProcessInitializeOnLoadAttributes (256ms)
			ProcessInitializeOnLoadMethodAttributes (171ms)
		AwakeInstancesAfterBackupRestoration (30ms)
Refreshing native plugins compatible for Editor in 2.08 ms, found 4 plugins.
Unloading 22 Unused Serialized files (Serialized files now loaded: 0)
Unloading 6579 unused Assets / (6.1 MB). Loaded Objects now: 7537.
Memory consumption went from 332.0 MB to 326.0 MB.
Total: 11.690700 ms (FindLiveObjects: 0.746900 ms CreateObjectMapping: 2.053300 ms MarkObjects: 6.093800 ms  DeleteObjects: 2.794900 ms)

Prepare: number of updated asset objects reloaded= 0
EnvironmentDependencyValues requested are different than current active one (requested -> active):
  graphicsApiMask: 2099200 -> 2361344
========================================================================
Received Prepare
AcceleratorClientConnectionCallback - disconnected - :0
[Licensing::Client] Successfully resolved entitlement details
[Licensing::Client] Successfully resolved entitlement details
Begin MonoManager ReloadAssembly
Native extension for Android target not found
Native extension for UWP target not found
Native extension for WindowsStandalone target not found
[Package Manager] Failed to launch server process. Reason: Unity was launched with the -noUpm command-line argument
[Package Manager] Unable to send message (not connected to server process).
[Package Manager] Cannot connect to Unity Package Manager local server
[Package Manager] Failed to launch server process. Reason: Unity was launched with the -noUpm command-line argument
[Package Manager] Unable to send message (not connected to server process).
[Package Manager] Cannot connect to Unity Package Manager local server
ScheduleIndexationOnStartup MainProcess:False IndexOnStartup:True
Mono: successfully reloaded assembly
- Finished resetting the current domain, in  0.671 seconds
Domain Reload Profiling: 1202ms
	BeginReloadAssembly (181ms)
		DisableScriptedObjects (5ms)
		CreateAndSetChildDomain (40ms)
	RebuildCommonClasses (7ms)
	RebuildNativeTypeToScriptingClass (13ms)
	initialDomainReloadingComplete (44ms)
	LoadAllAssembliesAndSetupDomain (285ms)
		LoadAssemblies (254ms)
		AnalyzeDomain (17ms)
			TypeCache.Refresh (7ms)
			ResolveRequiredComponents (7ms)
	FinalizeReload (672ms)
		SetupLoadedEditorAssemblies (0ms)
			InitializePlatformSupportModulesInManaged (7ms)
			BeforeProcessingInitializeOnLoad (78ms)
			ProcessInitializeOnLoadAttributes (238ms)
			ProcessInitializeOnLoadMethodAttributes (134ms)
		AwakeInstancesAfterBackupRestoration (26ms)
Unloading 22 Unused Serialized files (Serialized files now loaded: 0)
Unloading 6579 unused Assets / (4.6 MB). Loaded Objects now: 7540.
Memory consumption went from 333.2 MB to 328.7 MB.
Total: 11.262000 ms (FindLiveObjects: 0.575000 ms CreateObjectMapping: 2.368000 ms MarkObjects: 5.473800 ms  DeleteObjects: 2.842600 ms)

Prepare: number of updated asset objects reloaded= 0
EnvironmentDependencyValues requested are different than current active one (requested -> active):
  graphicsApiMask: 2099200 -> 2361344
========================================================================
Received Prepare
AcceleratorClientConnectionCallback - disconnected - :0
[Licensing::Client] Successfully resolved entitlement details
[Licensing::Client] Successfully resolved entitlement details
Begin MonoManager ReloadAssembly
Native extension for Android target not found
Native extension for UWP target not found
Native extension for WindowsStandalone target not found
[Package Manager] Failed to launch server process. Reason: Unity was launched with the -noUpm command-line argument
[Package Manager] Unable to send message (not connected to server process).
[Package Manager] Cannot connect to Unity Package Manager local server
[Package Manager] Failed to launch server process. Reason: Unity was launched with the -noUpm command-line argument
[Package Manager] Unable to send message (not connected to server process).
[Package Manager] Cannot connect to Unity Package Manager local server
ScheduleIndexationOnStartup MainProcess:False IndexOnStartup:True
Mono: successfully reloaded assembly
- Finished resetting the current domain, in  0.631 seconds
Domain Reload Profiling: 1172ms
	BeginReloadAssembly (182ms)
		DisableScriptedObjects (7ms)
		CreateAndSetChildDomain (40ms)
	RebuildCommonClasses (8ms)
	RebuildNativeTypeToScriptingClass (13ms)
	initialDomainReloadingComplete (44ms)
	LoadAllAssembliesAndSetupDomain (293ms)
		LoadAssemblies (258ms)
		AnalyzeDomain (19ms)
			TypeCache.Refresh (9ms)
			ResolveRequiredComponents (7ms)
	FinalizeReload (632ms)
		SetupLoadedEditorAssemblies (0ms)
			InitializePlatformSupportModulesInManaged (8ms)
			BeforeProcessingInitializeOnLoad (78ms)
			ProcessInitializeOnLoadAttributes (238ms)
			ProcessInitializeOnLoadMethodAttributes (116ms)
		AwakeInstancesAfterBackupRestoration (18ms)
Unloading 22 Unused Serialized files (Serialized files now loaded: 0)
Unloading 6579 unused Assets / (5.5 MB). Loaded Objects now: 7543.
Memory consumption went from 334.5 MB to 329.0 MB.
Total: 9.260600 ms (FindLiveObjects: 0.520600 ms CreateObjectMapping: 1.421100 ms MarkObjects: 4.709600 ms  DeleteObjects: 2.607800 ms)

Prepare: number of updated asset objects reloaded= 0
EnvironmentDependencyValues requested are different than current active one (requested -> active):
  graphicsApiMask: 2099200 -> 2361344
========================================================================
Received Prepare
AcceleratorClientConnectionCallback - disconnected - :0
Unloading 22 Unused Serialized files (Serialized files now loaded: 0)
Unloading 22 unused Assets / (2.6 MB). Loaded Objects now: 7543.
Memory consumption went from 330.9 MB to 328.3 MB.
Total: 5.403700 ms (FindLiveObjects: 0.322700 ms CreateObjectMapping: 0.558100 ms MarkObjects: 4.141400 ms  DeleteObjects: 0.380300 ms)

Prepare: number of updated asset objects reloaded= 0
EnvironmentDependencyValues requested are different than current active one (requested -> active):
  graphicsApiMask: 2099200 -> 2361344
========================================================================
Received Prepare
AcceleratorClientConnectionCallback - disconnected - :0
Unloading 22 Unused Serialized files (Serialized files now loaded: 0)
Unloading 22 unused Assets / (2.6 MB). Loaded Objects now: 7543.
Memory consumption went from 332.0 MB to 329.4 MB.
Total: 5.792900 ms (FindLiveObjects: 0.423300 ms CreateObjectMapping: 0.605600 ms MarkObjects: 4.398700 ms  DeleteObjects: 0.364000 ms)

Prepare: number of updated asset objects reloaded= 1
EnvironmentDependencyValues requested are different than current active one (requested -> active):
  graphicsApiMask: 2099200 -> 2361344
========================================================================
Received Prepare
AcceleratorClientConnectionCallback - disconnected - :0
Unloading 22 Unused Serialized files (Serialized files now loaded: 0)
Unloading 22 unused Assets / (2.6 MB). Loaded Objects now: 7543.
Memory consumption went from 333.2 MB to 330.6 MB.
Total: 5.110000 ms (FindLiveObjects: 0.325800 ms CreateObjectMapping: 0.542000 ms MarkObjects: 3.901900 ms  DeleteObjects: 0.339100 ms)

Prepare: number of updated asset objects reloaded= 0
EnvironmentDependencyValues requested are different than current active one (requested -> active):
  graphicsApiMask: 2099200 -> 2361344
========================================================================
Received Prepare
AcceleratorClientConnectionCallback - disconnected - :0
[Licensing::Client] Successfully resolved entitlement details
[Licensing::Client] Successfully resolved entitlement details
Begin MonoManager ReloadAssembly
Native extension for Android target not found
Native extension for UWP target not found
Native extension for WindowsStandalone target not found
[Package Manager] Failed to launch server process. Reason: Unity was launched with the -noUpm command-line argument
[Package Manager] Unable to send message (not connected to server process).
[Package Manager] Cannot connect to Unity Package Manager local server
[Package Manager] Failed to launch server process. Reason: Unity was launched with the -noUpm command-line argument
[Package Manager] Unable to send message (not connected to server process).
[Package Manager] Cannot connect to Unity Package Manager local server
ScheduleIndexationOnStartup MainProcess:False IndexOnStartup:True
Mono: successfully reloaded assembly
- Finished resetting the current domain, in  0.756 seconds
Domain Reload Profiling: 1293ms
	BeginReloadAssembly (178ms)
		DisableScriptedObjects (5ms)
		CreateAndSetChildDomain (38ms)
	RebuildCommonClasses (8ms)
	RebuildNativeTypeToScriptingClass (12ms)
	initialDomainReloadingComplete (43ms)
	LoadAllAssembliesAndSetupDomain (295ms)
		LoadAssemblies (259ms)
		AnalyzeDomain (18ms)
			TypeCache.Refresh (8ms)
			ResolveRequiredComponents (7ms)
	FinalizeReload (757ms)
		SetupLoadedEditorAssemblies (0ms)
			InitializePlatformSupportModulesInManaged (8ms)
			BeforeProcessingInitializeOnLoad (98ms)
			ProcessInitializeOnLoadAttributes (345ms)
			ProcessInitializeOnLoadMethodAttributes (110ms)
		AwakeInstancesAfterBackupRestoration (16ms)
Unloading 22 Unused Serialized files (Serialized files now loaded: 0)
Unloading 6579 unused Assets / (5.4 MB). Loaded Objects now: 7546.
Memory consumption went from 339.0 MB to 333.6 MB.
Total: 9.382300 ms (FindLiveObjects: 0.597000 ms CreateObjectMapping: 2.426200 ms MarkObjects: 4.132800 ms  DeleteObjects: 2.225200 ms)

Prepare: number of updated asset objects reloaded= 1
EnvironmentDependencyValues requested are different than current active one (requested -> active):
  graphicsApiMask: 2099200 -> 2361344
========================================================================
Received Prepare
AcceleratorClientConnectionCallback - disconnected - :0
Refreshing native plugins compatible for Editor in 6.02 ms, found 4 plugins.
Unloading 22 Unused Serialized files (Serialized files now loaded: 0)
Unloading 6568 unused Assets / (5.5 MB). Loaded Objects now: 7546.
Memory consumption went from 340.3 MB to 334.8 MB.
Total: 24.440800 ms (FindLiveObjects: 1.662300 ms CreateObjectMapping: 5.229400 ms MarkObjects: 11.142000 ms  DeleteObjects: 6.404700 ms)

Prepare: number of updated asset objects reloaded= 0
EnvironmentDependencyValues requested are different than current active one (requested -> active):
  graphicsApiMask: 2099200 -> 2361344
========================================================================
Received Prepare
AcceleratorClientConnectionCallback - disconnected - :0
[Licensing::Client] Successfully resolved entitlement details
[Licensing::Client] Successfully resolved entitlement details
Begin MonoManager ReloadAssembly
Native extension for Android target not found
Native extension for UWP target not found
Native extension for WindowsStandalone target not found
[Package Manager] Failed to launch server process. Reason: Unity was launched with the -noUpm command-line argument
[Package Manager] Unable to send message (not connected to server process).
[Package Manager] Cannot connect to Unity Package Manager local server
[Package Manager] Failed to launch server process. Reason: Unity was launched with the -noUpm command-line argument
[Package Manager] Unable to send message (not connected to server process).
[Package Manager] Cannot connect to Unity Package Manager local server
ScheduleIndexationOnStartup MainProcess:False IndexOnStartup:True
Mono: successfully reloaded assembly
- Finished resetting the current domain, in  0.789 seconds
Domain Reload Profiling: 1506ms
	BeginReloadAssembly (187ms)
		DisableScriptedObjects (6ms)
		CreateAndSetChildDomain (40ms)
	RebuildCommonClasses (8ms)
	RebuildNativeTypeToScriptingClass (14ms)
	initialDomainReloadingComplete (48ms)
	LoadAllAssembliesAndSetupDomain (459ms)
		LoadAssemblies (269ms)
		AnalyzeDomain (172ms)
			TypeCache.Refresh (10ms)
			BuildScriptInfoCaches (154ms)
			ResolveRequiredComponents (7ms)
	FinalizeReload (790ms)
		SetupLoadedEditorAssemblies (0ms)
			InitializePlatformSupportModulesInManaged (14ms)
			BeforeProcessingInitializeOnLoad (133ms)
			ProcessInitializeOnLoadAttributes (235ms)
			ProcessInitializeOnLoadMethodAttributes (130ms)
		AwakeInstancesAfterBackupRestoration (17ms)
Unloading 22 Unused Serialized files (Serialized files now loaded: 0)
Unloading 6579 unused Assets / (6.1 MB). Loaded Objects now: 7549.
Memory consumption went from 344.8 MB to 338.7 MB.
Total: 7.946700 ms (FindLiveObjects: 0.542800 ms CreateObjectMapping: 1.427400 ms MarkObjects: 3.799500 ms  DeleteObjects: 2.175900 ms)

Prepare: number of updated asset objects reloaded= 0
EnvironmentDependencyValues requested are different than current active one (requested -> active):
  graphicsApiMask: 2099200 -> 2361344
========================================================================
Received Prepare
AcceleratorClientConnectionCallback - disconnected - :0
Unloading 22 Unused Serialized files (Serialized files now loaded: 0)
Unloading 22 unused Assets / (2.6 MB). Loaded Objects now: 7549.
Memory consumption went from 341.2 MB to 338.6 MB.
Total: 5.263100 ms (FindLiveObjects: 0.315900 ms CreateObjectMapping: 0.599200 ms MarkObjects: 4.014000 ms  DeleteObjects: 0.332300 ms)

Prepare: number of updated asset objects reloaded= 0
EnvironmentDependencyValues requested are different than current active one (requested -> active):
  graphicsApiMask: 2099200 -> 2361344
========================================================================
Received Prepare
AcceleratorClientConnectionCallback - disconnected - :0
Unloading 22 Unused Serialized files (Serialized files now loaded: 0)
Unloading 22 unused Assets / (2.6 MB). Loaded Objects now: 7549.
Memory consumption went from 342.4 MB to 339.8 MB.
Total: 9.275600 ms (FindLiveObjects: 0.487200 ms CreateObjectMapping: 0.770500 ms MarkObjects: 7.650100 ms  DeleteObjects: 0.365500 ms)

Prepare: number of updated asset objects reloaded= 0
EnvironmentDependencyValues requested are different than current active one (requested -> active):
  graphicsApiMask: 2099200 -> 2361344
Editor requested this worker to shutdown with reason: Editor is closing down
AcceleratorClientConnectionCallback - disconnected - :0
AssetImportWorker is now disconnected from the server
Process exiting
Exiting without the bug reporter. Application will terminate with return code 0